// Jest Snapshot v1, https://goo.gl/fbAQLP

exports[`Render correct PrivateRouteForLogin Render PrivateRouteForLogin 1`] = `null`;
